// Jest Snapshot v1, https://goo.gl/fbAQLP

exports[`App test Snapshot matches 1`] = `ShallowWrapper {}`;
